[debug] [2026-09-17T21:41:44.262Z] ----------------------------------------------------------------------
[debug] [2026-09-17T21:41:44.263Z] Command:       /opt/homebrew/Cellar/node/26.8.1/bin/node /opt/homebrew/bin/firebase deploy --only functions
[debug] [2026-09-17T21:41:44.264Z] CLI Version:   15.24.0
[debug] [2026-09-17T21:41:44.264Z] Platform:      darwin
[debug] [2026-09-17T21:41:44.264Z] Node Version:  v26.8.1
[debug] [2026-09-17T21:41:44.264Z] Detected Agent: antigravity
[debug] [2026-09-17T21:41:44.264Z] Time:          Thu Sep 17 2026 18:41:44 GMT-0300 (Brasilia Standard Time)
[debug] [2026-09-17T21:41:44.264Z] ----------------------------------------------------------------------
[debug] 
[debug] [2026-09-17T21:41:45.093Z] > command requires scopes: ["email","openid","https://www.googleapis.com/auth/cloudplatformprojects.readonly","https://www.googleapis.com/auth/firebase","https://www.googleapis.com/auth/cloud-platform"]
[debug] [2026-09-17T21:41:45.093Z] > authorizing via signed-in user (marciofweb@gmail.com)
[debug] [2026-09-17T21:41:45.093Z] [iam] checking project e3m-portal-tec for permissions ["cloudfunctions.functions.create","cloudfunctions.functions.delete","cloudfunctions.functions.get","cloudfunctions.functions.list","cloudfunctions.functions.update","cloudfunctions.operations.get","firebase.projects.get"]
[debug] [2026-09-17T21:41:45.104Z] Checked if tokens are valid: true, expires at: 1789684132499
[debug] [2026-09-17T21:41:45.104Z] Checked if tokens are valid: true, expires at: 1789684132499
[debug] [2026-09-17T21:41:45.104Z] >>> [apiv2][query] POST https://cloudresourcemanager.googleapis.com/v1/projects/e3m-portal-tec:testIamPermissions [none]
[debug] [2026-09-17T21:41:45.104Z] >>> [apiv2][(partial)header] POST https://cloudresourcemanager.googleapis.com/v1/projects/e3m-portal-tec:testIamPermissions  x-goog-user-project=e3m-portal-tec
[debug] [2026-09-17T21:41:45.104Z] >>> [apiv2][body] POST https://cloudresourcemanager.googleapis.com/v1/projects/e3m-portal-tec:testIamPermissions {"permissions":["cloudfunctions.functions.create","cloudfunctions.functions.delete","cloudfunctions.functions.get","cloudfunctions.functions.list","cloudfunctions.functions.update","cloudfunctions.operations.get","firebase.projects.get"]}
[debug] [2026-09-17T21:41:46.175Z] <<< [apiv2][status] POST https://cloudresourcemanager.googleapis.com/v1/projects/e3m-portal-tec:testIamPermissions 200
[debug] [2026-09-17T21:41:46.176Z] <<< [apiv2][body] POST https://cloudresourcemanager.googleapis.com/v1/projects/e3m-portal-tec:testIamPermissions {"permissions":["cloudfunctions.functions.create","cloudfunctions.functions.delete","cloudfunctions.functions.get","cloudfunctions.functions.list","cloudfunctions.functions.update","cloudfunctions.operations.get","firebase.projects.get"]}
[debug] [2026-09-17T21:41:46.176Z] Checked if tokens are valid: true, expires at: 1789684132499
[debug] [2026-09-17T21:41:46.176Z] Checked if tokens are valid: true, expires at: 1789684132499
[debug] [2026-09-17T21:41:46.176Z] >>> [apiv2][query] POST https://iam.googleapis.com/v1/projects/e3m-portal-tec/serviceAccounts/e3m-portal-tec@appspot.gserviceaccount.com:testIamPermissions [none]
[debug] [2026-09-17T21:41:46.176Z] >>> [apiv2][body] POST https://iam.googleapis.com/v1/projects/e3m-portal-tec/serviceAccounts/e3m-portal-tec@appspot.gserviceaccount.com:testIamPermissions {"permissions":["iam.serviceAccounts.actAs"]}
[debug] [2026-09-17T21:41:47.131Z] <<< [apiv2][status] POST https://iam.googleapis.com/v1/projects/e3m-portal-tec/serviceAccounts/e3m-portal-tec@appspot.gserviceaccount.com:testIamPermissions 200
[debug] [2026-09-17T21:41:47.131Z] <<< [apiv2][body] POST https://iam.googleapis.com/v1/projects/e3m-portal-tec/serviceAccounts/e3m-portal-tec@appspot.gserviceaccount.com:testIamPermissions {"permissions":["iam.serviceAccounts.actAs"]}
[info] 
[info] === Deploying to 'e3m-portal-tec'...
[info] 
[info] i  deploying functions 
[info] Running command: npm --prefix "$RESOURCE_DIR" run build
[info] ✔  functions: Finished running predeploy script. 
[debug] [2026-09-17T21:41:47.633Z] Checked if tokens are valid: true, expires at: 1789684132499
[debug] [2026-09-17T21:41:47.633Z] Checked if tokens are valid: true, expires at: 1789684132499
[debug] [2026-09-17T21:41:47.633Z] >>> [apiv2][query] GET https://cloudresourcemanager.googleapis.com/v1/projects/e3m-portal-tec [none]
[debug] [2026-09-17T21:41:47.865Z] <<< [apiv2][status] GET https://cloudresourcemanager.googleapis.com/v1/projects/e3m-portal-tec 200
[debug] [2026-09-17T21:41:47.865Z] <<< [apiv2][body] GET https://cloudresourcemanager.googleapis.com/v1/projects/e3m-portal-tec {"projectNumber":"1056200021885","projectId":"e3m-portal-tec","lifecycleState":"ACTIVE","name":"E3M Solutions Portal","labels":{"firebase":"enabled","firebase-core":"disabled"},"createTime":"2026-09-17T21:19:12.438Z"}
[info] i  functions: preparing codebase default for deployment 
[info] i  functions: ensuring required API cloudfunctions.googleapis.com is enabled... 
[info] i  functions: ensuring required API cloudbuild.googleapis.com is enabled... 
[info] i  artifactregistry: ensuring required API artifactregistry.googleapis.com is enabled... 
[debug] [2026-09-17T21:41:47.867Z] Checked if tokens are valid: true, expires at: 1789684132499
[debug] [2026-09-17T21:41:47.867Z] Checked if tokens are valid: true, expires at: 1789684132499
[debug] [2026-09-17T21:41:47.868Z] >>> [apiv2][query] GET https://firebase.googleapis.com/v1beta1/projects/e3m-portal-tec/adminSdkConfig [none]
[debug] [2026-09-17T21:41:48.350Z] <<< [apiv2][status] GET https://firebase.googleapis.com/v1beta1/projects/e3m-portal-tec/adminSdkConfig 200
[debug] [2026-09-17T21:41:48.350Z] <<< [apiv2][body] GET https://firebase.googleapis.com/v1beta1/projects/e3m-portal-tec/adminSdkConfig {"projectId":"e3m-portal-tec","storageBucket":"e3m-portal-tec.firebasestorage.app"}
[debug] [2026-09-17T21:41:48.351Z] Checked if tokens are valid: true, expires at: 1789684132499
[debug] [2026-09-17T21:41:48.351Z] Checked if tokens are valid: true, expires at: 1789684132499
[debug] [2026-09-17T21:41:48.351Z] >>> [apiv2][query] GET https://runtimeconfig.googleapis.com/v1beta1/projects/e3m-portal-tec/configs [none]
[debug] [2026-09-17T21:41:49.665Z] <<< [apiv2][status] GET https://runtimeconfig.googleapis.com/v1beta1/projects/e3m-portal-tec/configs 200
[debug] [2026-09-17T21:41:49.665Z] <<< [apiv2][body] GET https://runtimeconfig.googleapis.com/v1beta1/projects/e3m-portal-tec/configs {}
[debug] [2026-09-17T21:41:49.668Z] Validating nodejs source
[warn] ⚠  functions: package.json indicates an outdated version of firebase-functions. Please upgrade using npm install --save firebase-functions@latest in your functions directory. 
[warn] ⚠  functions: Please note that there will be breaking changes when you upgrade. 
[debug] [2026-09-17T21:41:50.116Z] > [functions] package.json contents: {
  "name": "functions",
  "scripts": {
    "build": "tsc",
    "build:watch": "tsc --watch",
    "serve": "npm run build && firebase emulators:start --only functions",
    "shell": "npm run build && firebase functions:shell",
    "start": "npm run shell",
    "deploy": "firebase deploy --only functions",
    "logs": "firebase functions:log"
  },
  "engines": {
    "node": "22"
  },
  "main": "lib/index.js",
  "dependencies": {
    "cors": "^2.8.5",
    "firebase-admin": "^12.1.0",
    "firebase-functions": "^5.0.0",
    "resend": "^3.2.0"
  },
  "devDependencies": {
    "@types/cors": "^2.8.17",
    "@types/node": "^18.19.130",
    "typescript": "^7.0.2"
  },
  "private": true
}
[debug] [2026-09-17T21:41:50.116Z] Building nodejs source
[info] i  functions: Loading and analyzing source code for codebase default to determine what to deploy 
[debug] [2026-09-17T21:41:50.116Z] Could not find functions.yaml. Must use http discovery
[debug] [2026-09-17T21:41:50.121Z] Found firebase-functions binary at '/Users/marciofigueiredo/Wrk/E3M/e3m-portal-tech/functions/node_modules/.bin/firebase-functions'
[info] Serving at port 8008

[debug] [2026-09-17T21:41:50.422Z] Got response from /__/functions.yaml {"endpoints":{"sendContactEmail":{"availableMemoryMb":null,"timeoutSeconds":null,"minInstances":null,"maxInstances":null,"ingressSettings":null,"concurrency":null,"serviceAccountEmail":null,"vpc":null,"platform":"gcfv2","secretEnvironmentVariables":[{"key":"RESEND_API_KEY"}],"labels":{},"httpsTrigger":{},"entryPoint":"sendContactEmail"}},"specVersion":"v1alpha1","requiredAPIs":[],"extensions":{},"params":[{"type":"secret","name":"RESEND_API_KEY"}]}
[debug] [2026-09-17T21:41:53.440Z] Checked if tokens are valid: true, expires at: 1789684132499
[debug] [2026-09-17T21:41:53.440Z] Checked if tokens are valid: true, expires at: 1789684132499
[debug] [2026-09-17T21:41:53.440Z] >>> [apiv2][query] GET https://cloudfunctions.googleapis.com/v1/projects/e3m-portal-tec/locations/-/functions [none]
[debug] [2026-09-17T21:41:54.647Z] <<< [apiv2][status] GET https://cloudfunctions.googleapis.com/v1/projects/e3m-portal-tec/locations/-/functions 200
[debug] [2026-09-17T21:41:54.647Z] <<< [apiv2][body] GET https://cloudfunctions.googleapis.com/v1/projects/e3m-portal-tec/locations/-/functions {}
[debug] [2026-09-17T21:41:54.648Z] Checked if tokens are valid: true, expires at: 1789684132499
[debug] [2026-09-17T21:41:54.648Z] Checked if tokens are valid: true, expires at: 1789684132499
[debug] [2026-09-17T21:41:54.648Z] >>> [apiv2][query] GET https://cloudfunctions.googleapis.com/v2/projects/e3m-portal-tec/locations/-/functions filter=environment%3D%22GEN_2%22
[debug] [2026-09-17T21:41:56.014Z] <<< [apiv2][status] GET https://cloudfunctions.googleapis.com/v2/projects/e3m-portal-tec/locations/-/functions 200
[debug] [2026-09-17T21:41:56.014Z] <<< [apiv2][body] GET https://cloudfunctions.googleapis.com/v2/projects/e3m-portal-tec/locations/-/functions {"functions":[{"name":"projects/e3m-portal-tec/locations/us-central1/functions/sendContactEmail","buildConfig":{"build":"projects/1056200021885/locations/us-central1/builds/ff3f1681-3da2-46fa-9026-105aa25d870b","runtime":"nodejs22","entryPoint":"sendContactEmail","source":{"storageSource":{"bucket":"gcf-v2-sources-1056200021885-us-central1","object":"sendContactEmail/function-source.zip","generation":"1789680804630209"}},"environmentVariables":{"GOOGLE_NODE_RUN_SCRIPTS":""},"dockerRepository":"projects/e3m-portal-tec/locations/us-central1/repositories/gcf-artifacts","sourceProvenance":{"resolvedStorageSource":{"bucket":"gcf-v2-sources-1056200021885-us-central1","object":"sendContactEmail/function-source.zip","generation":"1789680804630209"}},"dockerRegistry":"ARTIFACT_REGISTRY","serviceAccount":"projects/e3m-portal-tec/serviceAccounts/1056200021885-compute@developer.gserviceaccount.com","automaticUpdatePolicy":{}},"serviceConfig":{"service":"projects/e3m-portal-tec/locations/us-central1/services/sendcontactemail","timeoutSeconds":60,"environmentVariables":{"FIREBASE_CONFIG":"{\"projectId\":\"e3m-portal-tec\",\"storageBucket\":\"e3m-portal-tec.firebasestorage.app\"}","GCLOUD_PROJECT":"e3m-portal-tec","EVENTARC_CLOUD_EVENT_SOURCE":"projects/e3m-portal-tec/locations/us-central1/services/sendContactEmail","FUNCTION_TARGET":"sendContactEmail","LOG_EXECUTION_ID":"true"},"ingressSettings":"ALLOW_ALL","uri":"https://sendcontactemail-bffdmmwdra-uc.a.run.app","serviceAccountEmail":"1056200021885-compute@developer.gserviceaccount.com","availableMemory":"256Mi","allTrafficOnLatestRevision":true,"secretEnvironmentVariables":[{"key":"RESEND_API_KEY","projectId":"e3m-portal-tec","secret":"RESEND_API_KEY","version":"1"}],"revision":"sendcontactemail-00001-yer","maxInstanceRequestConcurrency":80,"availableCpu":"1"},"state":"ACTIVE","updateTime":"2026-09-17T21:35:03.405141077Z","labels":{"deployment-tool":"cli-firebase","firebase-functions-hash":"89a33f89b14e14bc6588f66ba97f25acdeb7fa81"},"environment":"GEN_2","url":"https://us-central1-e3m-portal-tec.cloudfunctions.net/sendContactEmail","createTime":"2026-09-17T21:33:25.369468238Z","satisfiesPzi":true}]}
[info] i  extensions: ensuring required API firebaseextensions.googleapis.com is enabled... 
[debug] [2026-09-17T21:41:56.017Z] > command requires scopes: ["email","openid","https://www.googleapis.com/auth/cloudplatformprojects.readonly","https://www.googleapis.com/auth/firebase","https://www.googleapis.com/auth/cloud-platform"]
[debug] [2026-09-17T21:41:56.017Z] > authorizing via signed-in user (marciofweb@gmail.com)
[debug] [2026-09-17T21:41:56.017Z] [iam] checking project e3m-portal-tec for permissions ["firebase.projects.get","firebaseextensions.instances.list"]
[debug] [2026-09-17T21:41:56.017Z] Checked if tokens are valid: true, expires at: 1789684132499
[debug] [2026-09-17T21:41:56.017Z] Checked if tokens are valid: true, expires at: 1789684132499
[debug] [2026-09-17T21:41:56.017Z] >>> [apiv2][query] POST https://cloudresourcemanager.googleapis.com/v1/projects/e3m-portal-tec:testIamPermissions [none]
[debug] [2026-09-17T21:41:56.017Z] >>> [apiv2][(partial)header] POST https://cloudresourcemanager.googleapis.com/v1/projects/e3m-portal-tec:testIamPermissions  x-goog-user-project=e3m-portal-tec
[debug] [2026-09-17T21:41:56.017Z] >>> [apiv2][body] POST https://cloudresourcemanager.googleapis.com/v1/projects/e3m-portal-tec:testIamPermissions {"permissions":["firebase.projects.get","firebaseextensions.instances.list"]}
[debug] [2026-09-17T21:41:56.905Z] <<< [apiv2][status] POST https://cloudresourcemanager.googleapis.com/v1/projects/e3m-portal-tec:testIamPermissions 200
[debug] [2026-09-17T21:41:56.905Z] <<< [apiv2][body] POST https://cloudresourcemanager.googleapis.com/v1/projects/e3m-portal-tec:testIamPermissions {"permissions":["firebase.projects.get","firebaseextensions.instances.list"]}
[debug] [2026-09-17T21:41:56.905Z] Checked if tokens are valid: true, expires at: 1789684132499
[debug] [2026-09-17T21:41:56.905Z] Checked if tokens are valid: true, expires at: 1789684132499
[debug] [2026-09-17T21:41:56.906Z] >>> [apiv2][query] GET https://firebaseextensions.googleapis.com/v1beta/projects/e3m-portal-tec/instances pageSize=100&pageToken=
[debug] [2026-09-17T21:41:58.017Z] <<< [apiv2][status] GET https://firebaseextensions.googleapis.com/v1beta/projects/e3m-portal-tec/instances 200
[debug] [2026-09-17T21:41:58.018Z] <<< [apiv2][body] GET https://firebaseextensions.googleapis.com/v1beta/projects/e3m-portal-tec/instances {}
[debug] [2026-09-17T21:41:58.020Z] Checked if tokens are valid: true, expires at: 1789684132499
[debug] [2026-09-17T21:41:58.021Z] Checked if tokens are valid: true, expires at: 1789684132499
[debug] [2026-09-17T21:41:58.021Z] >>> [apiv2][query] GET https://secretmanager.googleapis.com/v1/projects/e3m-portal-tec/secrets/RESEND_API_KEY [none]
[debug] [2026-09-17T21:41:58.516Z] <<< [apiv2][status] GET https://secretmanager.googleapis.com/v1/projects/e3m-portal-tec/secrets/RESEND_API_KEY 200
[debug] [2026-09-17T21:41:58.516Z] <<< [apiv2][body] GET https://secretmanager.googleapis.com/v1/projects/e3m-portal-tec/secrets/RESEND_API_KEY {"name":"projects/1056200021885/secrets/RESEND_API_KEY","replication":{"automatic":{}},"createTime":"2026-09-17T21:29:09.458056Z","labels":{"firebase-managed":"functions"},"etag":"\"165bb4797323a8\""}
[debug] [2026-09-17T21:41:58.517Z] Checked if tokens are valid: true, expires at: 1789684132499
[debug] [2026-09-17T21:41:58.517Z] Checked if tokens are valid: true, expires at: 1789684132499
[debug] [2026-09-17T21:41:58.517Z] >>> [apiv2][query] GET https://secretmanager.googleapis.com/v1/projects/e3m-portal-tec/secrets/RESEND_API_KEY/versions/latest [none]
[debug] [2026-09-17T21:41:58.808Z] <<< [apiv2][status] GET https://secretmanager.googleapis.com/v1/projects/e3m-portal-tec/secrets/RESEND_API_KEY/versions/latest 200
[debug] [2026-09-17T21:41:58.808Z] <<< [apiv2][body] GET https://secretmanager.googleapis.com/v1/projects/e3m-portal-tec/secrets/RESEND_API_KEY/versions/latest {"name":"projects/1056200021885/secrets/RESEND_API_KEY/versions/1","createTime":"2026-09-17T21:29:11.752982Z","state":"ENABLED","replicationStatus":{"automatic":{}},"etag":"\"165bb4798c7516\""}
[info] i  functions: preparing functions directory for uploading... 
[info] i  functions: packaged /Users/marciofigueiredo/Wrk/E3M/e3m-portal-tech/functions (48.46 KB) for uploading 
[info] i  functions: ensuring required API run.googleapis.com is enabled... 
[info] i  functions: ensuring required API eventarc.googleapis.com is enabled... 
[info] i  functions: ensuring required API pubsub.googleapis.com is enabled... 
[info] i  functions: ensuring required API storage.googleapis.com is enabled... 
[info] i  functions: generating the service identity for pubsub.googleapis.com... 
[debug] [2026-09-17T21:41:58.856Z] Checked if tokens are valid: true, expires at: 1789684132499
[debug] [2026-09-17T21:41:58.856Z] Checked if tokens are valid: true, expires at: 1789684132499
[info] i  functions: generating the service identity for eventarc.googleapis.com... 
[debug] [2026-09-17T21:41:58.856Z] Checked if tokens are valid: true, expires at: 1789684132499
[debug] [2026-09-17T21:41:58.856Z] Checked if tokens are valid: true, expires at: 1789684132499
[debug] [2026-09-17T21:41:58.857Z] >>> [apiv2][query] POST https://serviceusage.googleapis.com/v1beta1/projects/1056200021885/services/pubsub.googleapis.com:generateServiceIdentity [none]
[debug] [2026-09-17T21:41:58.857Z] >>> [apiv2][(partial)header] POST https://serviceusage.googleapis.com/v1beta1/projects/1056200021885/services/pubsub.googleapis.com:generateServiceIdentity  x-goog-user-project=1056200021885
[debug] [2026-09-17T21:41:58.857Z] >>> [apiv2][body] POST https://serviceusage.googleapis.com/v1beta1/projects/1056200021885/services/pubsub.googleapis.com:generateServiceIdentity {}
[debug] [2026-09-17T21:41:58.857Z] >>> [apiv2][query] POST https://serviceusage.googleapis.com/v1beta1/projects/1056200021885/services/eventarc.googleapis.com:generateServiceIdentity [none]
[debug] [2026-09-17T21:41:58.857Z] >>> [apiv2][(partial)header] POST https://serviceusage.googleapis.com/v1beta1/projects/1056200021885/services/eventarc.googleapis.com:generateServiceIdentity  x-goog-user-project=1056200021885
[debug] [2026-09-17T21:41:58.857Z] >>> [apiv2][body] POST https://serviceusage.googleapis.com/v1beta1/projects/1056200021885/services/eventarc.googleapis.com:generateServiceIdentity {}
[debug] [2026-09-17T21:42:00.048Z] <<< [apiv2][status] POST https://serviceusage.googleapis.com/v1beta1/projects/1056200021885/services/pubsub.googleapis.com:generateServiceIdentity 200
[debug] [2026-09-17T21:42:00.048Z] <<< [apiv2][body] POST https://serviceusage.googleapis.com/v1beta1/projects/1056200021885/services/pubsub.googleapis.com:generateServiceIdentity {"name":"operations/finished.DONE_OPERATION","done":true,"response":{"@type":"type.googleapis.com/google.api.serviceusage.v1beta1.ServiceIdentity","email":"service-1056200021885@gcp-sa-pubsub.iam.gserviceaccount.com","uniqueId":"114854361453177364603"}}
[debug] [2026-09-17T21:42:00.065Z] <<< [apiv2][status] POST https://serviceusage.googleapis.com/v1beta1/projects/1056200021885/services/eventarc.googleapis.com:generateServiceIdentity 200
[debug] [2026-09-17T21:42:00.066Z] <<< [apiv2][body] POST https://serviceusage.googleapis.com/v1beta1/projects/1056200021885/services/eventarc.googleapis.com:generateServiceIdentity {"name":"operations/finished.DONE_OPERATION","done":true,"response":{"@type":"type.googleapis.com/google.api.serviceusage.v1beta1.ServiceIdentity","email":"service-1056200021885@gcp-sa-eventarc.iam.gserviceaccount.com","uniqueId":"104129963756211435834"}}
[info] i  functions: ensuring required API secretmanager.googleapis.com is enabled... 
[debug] [2026-09-17T21:42:00.067Z] Checked if tokens are valid: true, expires at: 1789684132499
[debug] [2026-09-17T21:42:00.067Z] Checked if tokens are valid: true, expires at: 1789684132499
[debug] [2026-09-17T21:42:00.067Z] >>> [apiv2][query] GET https://secretmanager.googleapis.com/v1/projects/e3m-portal-tec/secrets/RESEND_API_KEY/versions/latest [none]
[debug] [2026-09-17T21:42:00.342Z] <<< [apiv2][status] GET https://secretmanager.googleapis.com/v1/projects/e3m-portal-tec/secrets/RESEND_API_KEY/versions/latest 200
[debug] [2026-09-17T21:42:00.342Z] <<< [apiv2][body] GET https://secretmanager.googleapis.com/v1/projects/e3m-portal-tec/secrets/RESEND_API_KEY/versions/latest {"name":"projects/1056200021885/secrets/RESEND_API_KEY/versions/1","createTime":"2026-09-17T21:29:11.752982Z","state":"ENABLED","replicationStatus":{"automatic":{}},"etag":"\"165bb4798c7516\""}
[debug] [2026-09-17T21:42:00.342Z] Resolved secret version of RESEND_API_KEY to 1.
[debug] [2026-09-17T21:42:00.343Z] Checked if tokens are valid: true, expires at: 1789684132499
[debug] [2026-09-17T21:42:00.343Z] Checked if tokens are valid: true, expires at: 1789684132499
[debug] [2026-09-17T21:42:00.344Z] >>> [apiv2][query] GET https://cloudresourcemanager.googleapis.com/v1/projects/e3m-portal-tec [none]
[debug] [2026-09-17T21:42:00.557Z] <<< [apiv2][status] GET https://cloudresourcemanager.googleapis.com/v1/projects/e3m-portal-tec 200
[debug] [2026-09-17T21:42:00.557Z] <<< [apiv2][body] GET https://cloudresourcemanager.googleapis.com/v1/projects/e3m-portal-tec {"projectNumber":"1056200021885","projectId":"e3m-portal-tec","lifecycleState":"ACTIVE","name":"E3M Solutions Portal","labels":{"firebase":"enabled","firebase-core":"disabled"},"createTime":"2026-09-17T21:19:12.438Z"}
[debug] [2026-09-17T21:42:00.558Z] Checked if tokens are valid: true, expires at: 1789684132499
[debug] [2026-09-17T21:42:00.558Z] Checked if tokens are valid: true, expires at: 1789684132499
[debug] [2026-09-17T21:42:00.558Z] >>> [apiv2][query] GET https://compute.googleapis.com/compute/v1/projects/1056200021885 [none]
[debug] [2026-09-17T21:42:01.061Z] <<< [apiv2][status] GET https://compute.googleapis.com/compute/v1/projects/1056200021885 403
[debug] [2026-09-17T21:42:01.061Z] <<< [apiv2][body] GET https://compute.googleapis.com/compute/v1/projects/1056200021885 {"error":{"code":403,"message":"Compute Engine API has not been used in project 1056200021885 before or it is disabled. Enable it by visiting https://console.developers.google.com/apis/api/compute.googleapis.com/overview?project=1056200021885 then retry. If you enabled this API recently, wait a few minutes for the action to propagate to our systems and retry.","errors":[{"message":"Compute Engine API has not been used in project 1056200021885 before or it is disabled. Enable it by visiting https://console.developers.google.com/apis/api/compute.googleapis.com/overview?project=1056200021885 then retry. If you enabled this API recently, wait a few minutes for the action to propagate to our systems and retry.","domain":"usageLimits","reason":"accessNotConfigured","extendedHelp":"https://console.developers.google.com"}],"status":"PERMISSION_DENIED","details":[{"@type":"type.googleapis.com/google.rpc.ErrorInfo","reason":"SERVICE_DISABLED","domain":"googleapis.com","metadata":{"containerInfo":"1056200021885","serviceTitle":"Compute Engine API","activationUrl":"https://console.developers.google.com/apis/api/compute.googleapis.com/overview?project=1056200021885","consumer":"projects/1056200021885","service":"compute.googleapis.com"}},{"@type":"type.googleapis.com/google.rpc.LocalizedMessage","locale":"en-US","message":"Compute Engine API has not been used in project 1056200021885 before or it is disabled. Enable it by visiting https://console.developers.google.com/apis/api/compute.googleapis.com/overview?project=1056200021885 then retry. If you enabled this API recently, wait a few minutes for the action to propagate to our systems and retry."},{"@type":"type.googleapis.com/google.rpc.Help","links":[{"description":"Google developers console API activation","url":"https://console.developers.google.com/apis/api/compute.googleapis.com/overview?project=1056200021885"}]}]}}
[debug] [2026-09-17T21:42:01.063Z] unable to look up default compute service account. Falling back to 1056200021885-compute@developer.gserviceaccount.com. Error: {"name":"FirebaseError","children":[],"context":{"body":{"error":{"code":403,"message":"Compute Engine API has not been used in project 1056200021885 before or it is disabled. Enable it by visiting https://console.developers.google.com/apis/api/compute.googleapis.com/overview?project=1056200021885 then retry. If you enabled this API recently, wait a few minutes for the action to propagate to our systems and retry.","errors":[{"message":"Compute Engine API has not been used in project 1056200021885 before or it is disabled. Enable it by visiting https://console.developers.google.com/apis/api/compute.googleapis.com/overview?project=1056200021885 then retry. If you enabled this API recently, wait a few minutes for the action to propagate to our systems and retry.","domain":"usageLimits","reason":"accessNotConfigured","extendedHelp":"https://console.developers.google.com"}],"status":"PERMISSION_DENIED","details":[{"@type":"type.googleapis.com/google.rpc.ErrorInfo","reason":"SERVICE_DISABLED","domain":"googleapis.com","metadata":{"containerInfo":"1056200021885","serviceTitle":"Compute Engine API","activationUrl":"https://console.developers.google.com/apis/api/compute.googleapis.com/overview?project=1056200021885","consumer":"projects/1056200021885","service":"compute.googleapis.com"}},{"@type":"type.googleapis.com/google.rpc.LocalizedMessage","locale":"en-US","message":"Compute Engine API has not been used in project 1056200021885 before or it is disabled. Enable it by visiting https://console.developers.google.com/apis/api/compute.googleapis.com/overview?project=1056200021885 then retry. If you enabled this API recently, wait a few minutes for the action to propagate to our systems and retry."},{"@type":"type.googleapis.com/google.rpc.Help","links":[{"description":"Google developers console API activation","url":"https://console.developers.google.com/apis/api/compute.googleapis.com/overview?project=1056200021885"}]}]}},"response":{"statusCode":403}},"exit":1,"message":"Request to https://compute.googleapis.com/compute/v1/projects/1056200021885 had HTTP Error: 403, Compute Engine API has not been used in project 1056200021885 before or it is disabled. Enable it by visiting https://console.developers.google.com/apis/api/compute.googleapis.com/overview?project=1056200021885 then retry. If you enabled this API recently, wait a few minutes for the action to propagate to our systems and retry.","status":403}
[debug] [2026-09-17T21:42:01.066Z] Checked if tokens are valid: true, expires at: 1789684132499
[debug] [2026-09-17T21:42:01.066Z] Checked if tokens are valid: true, expires at: 1789684132499
[debug] [2026-09-17T21:42:01.066Z] >>> [apiv2][query] GET https://cloudbilling.googleapis.com/v1/projects/e3m-portal-tec/billingInfo [none]
[debug] [2026-09-17T21:42:01.066Z] >>> [apiv2][(partial)header] GET https://cloudbilling.googleapis.com/v1/projects/e3m-portal-tec/billingInfo  x-goog-user-project=e3m-portal-tec
[debug] [2026-09-17T21:42:02.484Z] <<< [apiv2][status] GET https://cloudbilling.googleapis.com/v1/projects/e3m-portal-tec/billingInfo 200
[debug] [2026-09-17T21:42:02.484Z] <<< [apiv2][body] GET https://cloudbilling.googleapis.com/v1/projects/e3m-portal-tec/billingInfo {"name":"projects/e3m-portal-tec/billingInfo","projectId":"e3m-portal-tec","billingAccountName":"billingAccounts/0199DB-7B71D4-C7F186","billingEnabled":true}
[debug] [2026-09-17T21:42:02.487Z] Checked if tokens are valid: true, expires at: 1789684132499
[debug] [2026-09-17T21:42:02.488Z] Checked if tokens are valid: true, expires at: 1789684132499
[debug] [2026-09-17T21:42:02.488Z] >>> [apiv2][query] POST https://cloudfunctions.googleapis.com/v2/projects/e3m-portal-tec/locations/us-central1/functions:generateUploadUrl [none]
[debug] [2026-09-17T21:42:03.815Z] <<< [apiv2][status] POST https://cloudfunctions.googleapis.com/v2/projects/e3m-portal-tec/locations/us-central1/functions:generateUploadUrl 200
[debug] [2026-09-17T21:42:03.816Z] <<< [apiv2][body] POST https://cloudfunctions.googleapis.com/v2/projects/e3m-portal-tec/locations/us-central1/functions:generateUploadUrl {"uploadUrl":"https://storage.googleapis.com/gcf-v2-uploads-1056200021885.us-central1.cloudfunctions.appspot.com/874c2121-409d-4e02-b4bd-9f39e048df3e.zip?GoogleAccessId=service-1056200021885@gcf-admin-robot.iam.gserviceaccount.com&Expires=1789683123&Signature=ALN0rIlyUeSBbqZnVf5zqI82ZOff5zW862ZaKZ4DttWek5JJvv%2B5hjfCA1kJSx9Tf53NB%2BpYZP%2FUEKp3FIf5w9liMlbG8AI4sUmh2CA2lx8%2FtU18%2B6dqE4Cvm%2B4Ylj0p4kM3FDGaQNFZIFReTWW4VAAAFKhosuogUOFAHx2nbSmUynxK11p7M3a8q8G8g3zJa4cy7hK1uK7VS%2BFqHrrwDSzDz71W8lRVMXvHU7v23zMhclGErj8GLhsIiY%2Fp2%2FQKw2cLXhhkTFGG3d2VYdNXhPdOs3D5uFuJE6N1IlmxlH5G3W%2BZZ7W%2FJIiFhf0LXppKQM5Rwb88%2BqKkGH5%2BdSj0EQ%3D%3D","storageSource":{"bucket":"gcf-v2-uploads-1056200021885.us-central1.cloudfunctions.appspot.com","object":"874c2121-409d-4e02-b4bd-9f39e048df3e.zip"}}
[debug] [2026-09-17T21:42:03.819Z] >>> [apiv2][query] PUT https://storage.googleapis.com/gcf-v2-uploads-1056200021885.us-central1.cloudfunctions.appspot.com/874c2121-409d-4e02-b4bd-9f39e048df3e.zip GoogleAccessId=service-1056200021885%40gcf-admin-robot.iam.gserviceaccount.com&Expires=1789683123&Signature=ALN0rIlyUeSBbqZnVf5zqI82ZOff5zW862ZaKZ4DttWek5JJvv%2B5hjfCA1kJSx9Tf53NB%2BpYZP%2FUEKp3FIf5w9liMlbG8AI4sUmh2CA2lx8%2FtU18%2B6dqE4Cvm%2B4Ylj0p4kM3FDGaQNFZIFReTWW4VAAAFKhosuogUOFAHx2nbSmUynxK11p7M3a8q8G8g3zJa4cy7hK1uK7VS%2BFqHrrwDSzDz71W8lRVMXvHU7v23zMhclGErj8GLhsIiY%2Fp2%2FQKw2cLXhhkTFGG3d2VYdNXhPdOs3D5uFuJE6N1IlmxlH5G3W%2BZZ7W%2FJIiFhf0LXppKQM5Rwb88%2BqKkGH5%2BdSj0EQ%3D%3D
[debug] [2026-09-17T21:42:03.819Z] >>> [apiv2][body] PUT https://storage.googleapis.com/gcf-v2-uploads-1056200021885.us-central1.cloudfunctions.appspot.com/874c2121-409d-4e02-b4bd-9f39e048df3e.zip [stream]
[debug] [2026-09-17T21:42:05.073Z] <<< [apiv2][status] PUT https://storage.googleapis.com/gcf-v2-uploads-1056200021885.us-central1.cloudfunctions.appspot.com/874c2121-409d-4e02-b4bd-9f39e048df3e.zip 200
[debug] [2026-09-17T21:42:05.073Z] <<< [apiv2][body] PUT https://storage.googleapis.com/gcf-v2-uploads-1056200021885.us-central1.cloudfunctions.appspot.com/874c2121-409d-4e02-b4bd-9f39e048df3e.zip [omitted]
[info] ✔  functions: functions source uploaded successfully 
[info] i  functions: updating Node.js 22 (2nd Gen) function sendContactEmail(us-central1)... 
[debug] [2026-09-17T21:42:05.083Z] Checked if tokens are valid: true, expires at: 1789684132499
[debug] [2026-09-17T21:42:05.083Z] Checked if tokens are valid: true, expires at: 1789684132499
[debug] [2026-09-17T21:42:05.083Z] >>> [apiv2][query] PATCH https://cloudfunctions.googleapis.com/v2/projects/e3m-portal-tec/locations/us-central1/functions/sendContactEmail updateMask=name%2CbuildConfig.runtime%2CbuildConfig.entryPoint%2CbuildConfig.source.storageSource.bucket%2CbuildConfig.source.storageSource.object%2CbuildConfig.environmentVariables%2CbuildConfig.sourceToken%2CserviceConfig.environmentVariables%2CserviceConfig.secretEnvironmentVariables%2CserviceConfig.ingressSettings%2CserviceConfig.timeoutSeconds%2CserviceConfig.serviceAccountEmail%2CserviceConfig.availableMemory%2CserviceConfig.minInstanceCount%2CserviceConfig.maxInstanceCount%2CserviceConfig.maxInstanceRequestConcurrency%2CserviceConfig.availableCpu%2CserviceConfig.vpcConnector%2CserviceConfig.vpcConnectorEgressSettings%2CserviceConfig.directVpcNetworkInterface%2CserviceConfig.directVpcEgress%2Clabels
[debug] [2026-09-17T21:42:05.083Z] >>> [apiv2][body] PATCH https://cloudfunctions.googleapis.com/v2/projects/e3m-portal-tec/locations/us-central1/functions/sendContactEmail {"name":"projects/e3m-portal-tec/locations/us-central1/functions/sendContactEmail","buildConfig":{"runtime":"nodejs22","entryPoint":"sendContactEmail","source":{"storageSource":{"bucket":"gcf-v2-uploads-1056200021885.us-central1.cloudfunctions.appspot.com","object":"874c2121-409d-4e02-b4bd-9f39e048df3e.zip"}},"environmentVariables":{"GOOGLE_NODE_RUN_SCRIPTS":""}},"serviceConfig":{"environmentVariables":{"FIREBASE_CONFIG":"{\"projectId\":\"e3m-portal-tec\",\"storageBucket\":\"e3m-portal-tec.firebasestorage.app\"}","GCLOUD_PROJECT":"e3m-portal-tec","EVENTARC_CLOUD_EVENT_SOURCE":"projects/e3m-portal-tec/locations/us-central1/services/sendContactEmail","FUNCTION_TARGET":"sendContactEmail","LOG_EXECUTION_ID":"true"},"secretEnvironmentVariables":[{"key":"RESEND_API_KEY","secret":"RESEND_API_KEY","projectId":"e3m-portal-tec","version":"1"}],"ingressSettings":null,"timeoutSeconds":null,"serviceAccountEmail":null,"availableMemory":"256Mi","minInstanceCount":null,"maxInstanceCount":null,"maxInstanceRequestConcurrency":80,"availableCpu":"1","vpcConnector":null,"vpcConnectorEgressSettings":null,"directVpcNetworkInterface":null,"directVpcEgress":null},"labels":{"deployment-tool":"cli-firebase","firebase-functions-hash":"fe68909cf56f5e86694b36b119e320e141a8e9d7"}}
[debug] [2026-09-17T21:42:06.883Z] <<< [apiv2][status] PATCH https://cloudfunctions.googleapis.com/v2/projects/e3m-portal-tec/locations/us-central1/functions/sendContactEmail 200
[debug] [2026-09-17T21:42:06.883Z] <<< [apiv2][body] PATCH https://cloudfunctions.googleapis.com/v2/projects/e3m-portal-tec/locations/us-central1/functions/sendContactEmail {"name":"projects/e3m-portal-tec/locations/us-central1/operations/operation-1789681325995-65bb4a7b277d6-5876445b-9643fbb0","metadata":{"@type":"type.googleapis.com/google.cloud.functions.v2.OperationMetadata","createTime":"2026-09-17T21:42:06.781308970Z","target":"projects/e3m-portal-tec/locations/us-central1/functions/sendContactEmail","verb":"update","cancelRequested":false,"apiVersion":"v2"},"done":false}
[debug] [2026-09-17T21:42:06.884Z] Checked if tokens are valid: true, expires at: 1789684132499
[debug] [2026-09-17T21:42:06.884Z] Checked if tokens are valid: true, expires at: 1789684132499
[debug] [2026-09-17T21:42:06.884Z] >>> [apiv2][query] GET https://cloudfunctions.googleapis.com/v2/projects/e3m-portal-tec/locations/us-central1/operations/operation-1789681325995-65bb4a7b277d6-5876445b-9643fbb0 [none]
[debug] [2026-09-17T21:42:08.014Z] <<< [apiv2][status] GET https://cloudfunctions.googleapis.com/v2/projects/e3m-portal-tec/locations/us-central1/operations/operation-1789681325995-65bb4a7b277d6-5876445b-9643fbb0 200
[debug] [2026-09-17T21:42:08.015Z] <<< [apiv2][body] GET https://cloudfunctions.googleapis.com/v2/projects/e3m-portal-tec/locations/us-central1/operations/operation-1789681325995-65bb4a7b277d6-5876445b-9643fbb0 {"name":"projects/e3m-portal-tec/locations/us-central1/operations/operation-1789681325995-65bb4a7b277d6-5876445b-9643fbb0","metadata":{"@type":"type.googleapis.com/google.cloud.functions.v2.OperationMetadata","createTime":"2026-09-17T21:42:06.781308970Z","target":"projects/e3m-portal-tec/locations/us-central1/functions/sendContactEmail","verb":"update","cancelRequested":false,"apiVersion":"v2","requestResource":{"@type":"type.googleapis.com/google.cloud.functions.v2.Function","name":"projects/e3m-portal-tec/locations/us-central1/functions/sendContactEmail","buildConfig":{"runtime":"nodejs22","entryPoint":"sendContactEmail","source":{"storageSource":{"bucket":"gcf-v2-sources-1056200021885-us-central1","object":"sendContactEmail/function-source.zip","generation":"1789681326724076"}},"environmentVariables":{"GOOGLE_NODE_RUN_SCRIPTS":""},"dockerRepository":"projects/e3m-portal-tec/locations/us-central1/repositories/gcf-artifacts","sourceProvenance":{"resolvedStorageSource":{"bucket":"gcf-v2-sources-1056200021885-us-central1","object":"sendContactEmail/function-source.zip","generation":"1789680804630209"}},"dockerRegistry":"ARTIFACT_REGISTRY","serviceAccount":"projects/e3m-portal-tec/serviceAccounts/1056200021885-compute@developer.gserviceaccount.com","automaticUpdatePolicy":{}},"serviceConfig":{"service":"projects/e3m-portal-tec/locations/us-central1/services/sendcontactemail","timeoutSeconds":60,"environmentVariables":{"FIREBASE_CONFIG":"{\"projectId\":\"e3m-portal-tec\",\"storageBucket\":\"e3m-portal-tec.firebasestorage.app\"}","GCLOUD_PROJECT":"e3m-portal-tec","EVENTARC_CLOUD_EVENT_SOURCE":"projects/e3m-portal-tec/locations/us-central1/services/sendContactEmail","FUNCTION_TARGET":"sendContactEmail","LOG_EXECUTION_ID":"true"},"ingressSettings":"ALLOW_ALL","uri":"https://sendcontactemail-bffdmmwdra-uc.a.run.app","serviceAccountEmail":"1056200021885-compute@developer.gserviceaccount.com","availableMemory":"256Mi","allTrafficOnLatestRevision":true,"secretEnvironmentVariables":[{"key":"RESEND_API_KEY","projectId":"e3m-portal-tec","secret":"RESEND_API_KEY","version":"1"}],"revision":"sendcontactemail-00001-yer","maxInstanceRequestConcurrency":80,"availableCpu":"1"},"state":"ACTIVE","labels":{"deployment-tool":"cli-firebase","firebase-functions-hash":"fe68909cf56f5e86694b36b119e320e141a8e9d7"},"environment":"GEN_2","url":"https://us-central1-e3m-portal-tec.cloudfunctions.net/sendContactEmail","satisfiesPzi":true},"stages":[{"name":"BUILD","message":"Build in progress","state":"IN_PROGRESS","resource":"projects/1056200021885/locations/us-central1/builds/1235a33c-e045-4d2f-ade0-ce32ff20cbe6","resourceUri":"https://console.cloud.google.com/cloud-build/builds;region=us-central1/1235a33c-e045-4d2f-ade0-ce32ff20cbe6?project=1056200021885"},{"name":"SERVICE","state":"NOT_STARTED"}],"operationType":"UPDATE_FUNCTION","buildName":"projects/1056200021885/locations/us-central1/builds/1235a33c-e045-4d2f-ade0-ce32ff20cbe6"},"done":false}
[debug] [2026-09-17T21:42:08.517Z] [update-default-us-central1-sendContactEmail] Retrying task index 0
[debug] [2026-09-17T21:42:08.518Z] Checked if tokens are valid: true, expires at: 1789684132499
[debug] [2026-09-17T21:42:08.518Z] Checked if tokens are valid: true, expires at: 1789684132499
[debug] [2026-09-17T21:42:08.518Z] >>> [apiv2][query] GET https://cloudfunctions.googleapis.com/v2/projects/e3m-portal-tec/locations/us-central1/operations/operation-1789681325995-65bb4a7b277d6-5876445b-9643fbb0 [none]
[debug] [2026-09-17T21:42:09.550Z] <<< [apiv2][status] GET https://cloudfunctions.googleapis.com/v2/projects/e3m-portal-tec/locations/us-central1/operations/operation-1789681325995-65bb4a7b277d6-5876445b-9643fbb0 200
[debug] [2026-09-17T21:42:09.550Z] <<< [apiv2][body] GET https://cloudfunctions.googleapis.com/v2/projects/e3m-portal-tec/locations/us-central1/operations/operation-1789681325995-65bb4a7b277d6-5876445b-9643fbb0 {"name":"projects/e3m-portal-tec/locations/us-central1/operations/operation-1789681325995-65bb4a7b277d6-5876445b-9643fbb0","metadata":{"@type":"type.googleapis.com/google.cloud.functions.v2.OperationMetadata","createTime":"2026-09-17T21:42:06.781308970Z","target":"projects/e3m-portal-tec/locations/us-central1/functions/sendContactEmail","verb":"update","cancelRequested":false,"apiVersion":"v2","requestResource":{"@type":"type.googleapis.com/google.cloud.functions.v2.Function","name":"projects/e3m-portal-tec/locations/us-central1/functions/sendContactEmail","buildConfig":{"runtime":"nodejs22","entryPoint":"sendContactEmail","source":{"storageSource":{"bucket":"gcf-v2-sources-1056200021885-us-central1","object":"sendContactEmail/function-source.zip","generation":"1789681326724076"}},"environmentVariables":{"GOOGLE_NODE_RUN_SCRIPTS":""},"dockerRepository":"projects/e3m-portal-tec/locations/us-central1/repositories/gcf-artifacts","sourceProvenance":{"resolvedStorageSource":{"bucket":"gcf-v2-sources-1056200021885-us-central1","object":"sendContactEmail/function-source.zip","generation":"1789680804630209"}},"dockerRegistry":"ARTIFACT_REGISTRY","serviceAccount":"projects/e3m-portal-tec/serviceAccounts/1056200021885-compute@developer.gserviceaccount.com","automaticUpdatePolicy":{}},"serviceConfig":{"service":"projects/e3m-portal-tec/locations/us-central1/services/sendcontactemail","timeoutSeconds":60,"environmentVariables":{"FIREBASE_CONFIG":"{\"projectId\":\"e3m-portal-tec\",\"storageBucket\":\"e3m-portal-tec.firebasestorage.app\"}","GCLOUD_PROJECT":"e3m-portal-tec","EVENTARC_CLOUD_EVENT_SOURCE":"projects/e3m-portal-tec/locations/us-central1/services/sendContactEmail","FUNCTION_TARGET":"sendContactEmail","LOG_EXECUTION_ID":"true"},"ingressSettings":"ALLOW_ALL","uri":"https://sendcontactemail-bffdmmwdra-uc.a.run.app","serviceAccountEmail":"1056200021885-compute@developer.gserviceaccount.com","availableMemory":"256Mi","allTrafficOnLatestRevision":true,"secretEnvironmentVariables":[{"key":"RESEND_API_KEY","projectId":"e3m-portal-tec","secret":"RESEND_API_KEY","version":"1"}],"revision":"sendcontactemail-00001-yer","maxInstanceRequestConcurrency":80,"availableCpu":"1"},"state":"ACTIVE","labels":{"deployment-tool":"cli-firebase","firebase-functions-hash":"fe68909cf56f5e86694b36b119e320e141a8e9d7"},"environment":"GEN_2","url":"https://us-central1-e3m-portal-tec.cloudfunctions.net/sendContactEmail","satisfiesPzi":true},"stages":[{"name":"BUILD","message":"Build in progress","state":"IN_PROGRESS","resource":"projects/1056200021885/locations/us-central1/builds/1235a33c-e045-4d2f-ade0-ce32ff20cbe6","resourceUri":"https://console.cloud.google.com/cloud-build/builds;region=us-central1/1235a33c-e045-4d2f-ade0-ce32ff20cbe6?project=1056200021885"},{"name":"SERVICE","state":"NOT_STARTED"}],"operationType":"UPDATE_FUNCTION","buildName":"projects/1056200021885/locations/us-central1/builds/1235a33c-e045-4d2f-ade0-ce32ff20cbe6"},"done":false}
[debug] [2026-09-17T21:42:10.552Z] [update-default-us-central1-sendContactEmail] Retrying task index 0
[debug] [2026-09-17T21:42:10.553Z] Checked if tokens are valid: true, expires at: 1789684132499
[debug] [2026-09-17T21:42:10.553Z] Checked if tokens are valid: true, expires at: 1789684132499
[debug] [2026-09-17T21:42:10.553Z] >>> [apiv2][query] GET https://cloudfunctions.googleapis.com/v2/projects/e3m-portal-tec/locations/us-central1/operations/operation-1789681325995-65bb4a7b277d6-5876445b-9643fbb0 [none]
[debug] [2026-09-17T21:42:11.524Z] <<< [apiv2][status] GET https://cloudfunctions.googleapis.com/v2/projects/e3m-portal-tec/locations/us-central1/operations/operation-1789681325995-65bb4a7b277d6-5876445b-9643fbb0 200
[debug] [2026-09-17T21:42:11.524Z] <<< [apiv2][body] GET https://cloudfunctions.googleapis.com/v2/projects/e3m-portal-tec/locations/us-central1/operations/operation-1789681325995-65bb4a7b277d6-5876445b-9643fbb0 {"name":"projects/e3m-portal-tec/locations/us-central1/operations/operation-1789681325995-65bb4a7b277d6-5876445b-9643fbb0","metadata":{"@type":"type.googleapis.com/google.cloud.functions.v2.OperationMetadata","createTime":"2026-09-17T21:42:06.781308970Z","target":"projects/e3m-portal-tec/locations/us-central1/functions/sendContactEmail","verb":"update","cancelRequested":false,"apiVersion":"v2","requestResource":{"@type":"type.googleapis.com/google.cloud.functions.v2.Function","name":"projects/e3m-portal-tec/locations/us-central1/functions/sendContactEmail","buildConfig":{"runtime":"nodejs22","entryPoint":"sendContactEmail","source":{"storageSource":{"bucket":"gcf-v2-sources-1056200021885-us-central1","object":"sendContactEmail/function-source.zip","generation":"1789681326724076"}},"environmentVariables":{"GOOGLE_NODE_RUN_SCRIPTS":""},"dockerRepository":"projects/e3m-portal-tec/locations/us-central1/repositories/gcf-artifacts","sourceProvenance":{"resolvedStorageSource":{"bucket":"gcf-v2-sources-1056200021885-us-central1","object":"sendContactEmail/function-source.zip","generation":"1789680804630209"}},"dockerRegistry":"ARTIFACT_REGISTRY","serviceAccount":"projects/e3m-portal-tec/serviceAccounts/1056200021885-compute@developer.gserviceaccount.com","automaticUpdatePolicy":{}},"serviceConfig":{"service":"projects/e3m-portal-tec/locations/us-central1/services/sendcontactemail","timeoutSeconds":60,"environmentVariables":{"FIREBASE_CONFIG":"{\"projectId\":\"e3m-portal-tec\",\"storageBucket\":\"e3m-portal-tec.firebasestorage.app\"}","GCLOUD_PROJECT":"e3m-portal-tec","EVENTARC_CLOUD_EVENT_SOURCE":"projects/e3m-portal-tec/locations/us-central1/services/sendContactEmail","FUNCTION_TARGET":"sendContactEmail","LOG_EXECUTION_ID":"true"},"ingressSettings":"ALLOW_ALL","uri":"https://sendcontactemail-bffdmmwdra-uc.a.run.app","serviceAccountEmail":"1056200021885-compute@developer.gserviceaccount.com","availableMemory":"256Mi","allTrafficOnLatestRevision":true,"secretEnvironmentVariables":[{"key":"RESEND_API_KEY","projectId":"e3m-portal-tec","secret":"RESEND_API_KEY","version":"1"}],"revision":"sendcontactemail-00001-yer","maxInstanceRequestConcurrency":80,"availableCpu":"1"},"state":"ACTIVE","labels":{"deployment-tool":"cli-firebase","firebase-functions-hash":"fe68909cf56f5e86694b36b119e320e141a8e9d7"},"environment":"GEN_2","url":"https://us-central1-e3m-portal-tec.cloudfunctions.net/sendContactEmail","satisfiesPzi":true},"stages":[{"name":"BUILD","message":"Build in progress","state":"IN_PROGRESS","resource":"projects/1056200021885/locations/us-central1/builds/1235a33c-e045-4d2f-ade0-ce32ff20cbe6","resourceUri":"https://console.cloud.google.com/cloud-build/builds;region=us-central1/1235a33c-e045-4d2f-ade0-ce32ff20cbe6?project=1056200021885"},{"name":"SERVICE","state":"NOT_STARTED"}],"operationType":"UPDATE_FUNCTION","buildName":"projects/1056200021885/locations/us-central1/builds/1235a33c-e045-4d2f-ade0-ce32ff20cbe6"},"done":false}
[debug] [2026-09-17T21:42:13.526Z] [update-default-us-central1-sendContactEmail] Retrying task index 0
[debug] [2026-09-17T21:42:13.526Z] Checked if tokens are valid: true, expires at: 1789684132499
[debug] [2026-09-17T21:42:13.526Z] Checked if tokens are valid: true, expires at: 1789684132499
[debug] [2026-09-17T21:42:13.527Z] >>> [apiv2][query] GET https://cloudfunctions.googleapis.com/v2/projects/e3m-portal-tec/locations/us-central1/operations/operation-1789681325995-65bb4a7b277d6-5876445b-9643fbb0 [none]
[debug] [2026-09-17T21:42:14.567Z] <<< [apiv2][status] GET https://cloudfunctions.googleapis.com/v2/projects/e3m-portal-tec/locations/us-central1/operations/operation-1789681325995-65bb4a7b277d6-5876445b-9643fbb0 200
[debug] [2026-09-17T21:42:14.568Z] <<< [apiv2][body] GET https://cloudfunctions.googleapis.com/v2/projects/e3m-portal-tec/locations/us-central1/operations/operation-1789681325995-65bb4a7b277d6-5876445b-9643fbb0 {"name":"projects/e3m-portal-tec/locations/us-central1/operations/operation-1789681325995-65bb4a7b277d6-5876445b-9643fbb0","metadata":{"@type":"type.googleapis.com/google.cloud.functions.v2.OperationMetadata","createTime":"2026-09-17T21:42:06.781308970Z","target":"projects/e3m-portal-tec/locations/us-central1/functions/sendContactEmail","verb":"update","cancelRequested":false,"apiVersion":"v2","requestResource":{"@type":"type.googleapis.com/google.cloud.functions.v2.Function","name":"projects/e3m-portal-tec/locations/us-central1/functions/sendContactEmail","buildConfig":{"runtime":"nodejs22","entryPoint":"sendContactEmail","source":{"storageSource":{"bucket":"gcf-v2-sources-1056200021885-us-central1","object":"sendContactEmail/function-source.zip","generation":"1789681326724076"}},"environmentVariables":{"GOOGLE_NODE_RUN_SCRIPTS":""},"dockerRepository":"projects/e3m-portal-tec/locations/us-central1/repositories/gcf-artifacts","sourceProvenance":{"resolvedStorageSource":{"bucket":"gcf-v2-sources-1056200021885-us-central1","object":"sendContactEmail/function-source.zip","generation":"1789680804630209"}},"dockerRegistry":"ARTIFACT_REGISTRY","serviceAccount":"projects/e3m-portal-tec/serviceAccounts/1056200021885-compute@developer.gserviceaccount.com","automaticUpdatePolicy":{}},"serviceConfig":{"service":"projects/e3m-portal-tec/locations/us-central1/services/sendcontactemail","timeoutSeconds":60,"environmentVariables":{"FIREBASE_CONFIG":"{\"projectId\":\"e3m-portal-tec\",\"storageBucket\":\"e3m-portal-tec.firebasestorage.app\"}","GCLOUD_PROJECT":"e3m-portal-tec","EVENTARC_CLOUD_EVENT_SOURCE":"projects/e3m-portal-tec/locations/us-central1/services/sendContactEmail","FUNCTION_TARGET":"sendContactEmail","LOG_EXECUTION_ID":"true"},"ingressSettings":"ALLOW_ALL","uri":"https://sendcontactemail-bffdmmwdra-uc.a.run.app","serviceAccountEmail":"1056200021885-compute@developer.gserviceaccount.com","availableMemory":"256Mi","allTrafficOnLatestRevision":true,"secretEnvironmentVariables":[{"key":"RESEND_API_KEY","projectId":"e3m-portal-tec","secret":"RESEND_API_KEY","version":"1"}],"revision":"sendcontactemail-00001-yer","maxInstanceRequestConcurrency":80,"availableCpu":"1"},"state":"ACTIVE","labels":{"deployment-tool":"cli-firebase","firebase-functions-hash":"fe68909cf56f5e86694b36b119e320e141a8e9d7"},"environment":"GEN_2","url":"https://us-central1-e3m-portal-tec.cloudfunctions.net/sendContactEmail","satisfiesPzi":true},"stages":[{"name":"BUILD","message":"Build in progress","state":"IN_PROGRESS","resource":"projects/1056200021885/locations/us-central1/builds/1235a33c-e045-4d2f-ade0-ce32ff20cbe6","resourceUri":"https://console.cloud.google.com/cloud-build/builds;region=us-central1/1235a33c-e045-4d2f-ade0-ce32ff20cbe6?project=1056200021885"},{"name":"SERVICE","state":"NOT_STARTED"}],"operationType":"UPDATE_FUNCTION","buildName":"projects/1056200021885/locations/us-central1/builds/1235a33c-e045-4d2f-ade0-ce32ff20cbe6"},"done":false}
[debug] [2026-09-17T21:42:18.569Z] [update-default-us-central1-sendContactEmail] Retrying task index 0
[debug] [2026-09-17T21:42:18.569Z] Checked if tokens are valid: true, expires at: 1789684132499
[debug] [2026-09-17T21:42:18.569Z] Checked if tokens are valid: true, expires at: 1789684132499
[debug] [2026-09-17T21:42:18.570Z] >>> [apiv2][query] GET https://cloudfunctions.googleapis.com/v2/projects/e3m-portal-tec/locations/us-central1/operations/operation-1789681325995-65bb4a7b277d6-5876445b-9643fbb0 [none]
[debug] [2026-09-17T21:42:19.788Z] <<< [apiv2][status] GET https://cloudfunctions.googleapis.com/v2/projects/e3m-portal-tec/locations/us-central1/operations/operation-1789681325995-65bb4a7b277d6-5876445b-9643fbb0 200
[debug] [2026-09-17T21:42:19.789Z] <<< [apiv2][body] GET https://cloudfunctions.googleapis.com/v2/projects/e3m-portal-tec/locations/us-central1/operations/operation-1789681325995-65bb4a7b277d6-5876445b-9643fbb0 {"name":"projects/e3m-portal-tec/locations/us-central1/operations/operation-1789681325995-65bb4a7b277d6-5876445b-9643fbb0","metadata":{"@type":"type.googleapis.com/google.cloud.functions.v2.OperationMetadata","createTime":"2026-09-17T21:42:06.781308970Z","target":"projects/e3m-portal-tec/locations/us-central1/functions/sendContactEmail","verb":"update","cancelRequested":false,"apiVersion":"v2","requestResource":{"@type":"type.googleapis.com/google.cloud.functions.v2.Function","name":"projects/e3m-portal-tec/locations/us-central1/functions/sendContactEmail","buildConfig":{"runtime":"nodejs22","entryPoint":"sendContactEmail","source":{"storageSource":{"bucket":"gcf-v2-sources-1056200021885-us-central1","object":"sendContactEmail/function-source.zip","generation":"1789681326724076"}},"environmentVariables":{"GOOGLE_NODE_RUN_SCRIPTS":""},"dockerRepository":"projects/e3m-portal-tec/locations/us-central1/repositories/gcf-artifacts","sourceProvenance":{"resolvedStorageSource":{"bucket":"gcf-v2-sources-1056200021885-us-central1","object":"sendContactEmail/function-source.zip","generation":"1789680804630209"}},"dockerRegistry":"ARTIFACT_REGISTRY","serviceAccount":"projects/e3m-portal-tec/serviceAccounts/1056200021885-compute@developer.gserviceaccount.com","automaticUpdatePolicy":{}},"serviceConfig":{"service":"projects/e3m-portal-tec/locations/us-central1/services/sendcontactemail","timeoutSeconds":60,"environmentVariables":{"FIREBASE_CONFIG":"{\"projectId\":\"e3m-portal-tec\",\"storageBucket\":\"e3m-portal-tec.firebasestorage.app\"}","GCLOUD_PROJECT":"e3m-portal-tec","EVENTARC_CLOUD_EVENT_SOURCE":"projects/e3m-portal-tec/locations/us-central1/services/sendContactEmail","FUNCTION_TARGET":"sendContactEmail","LOG_EXECUTION_ID":"true"},"ingressSettings":"ALLOW_ALL","uri":"https://sendcontactemail-bffdmmwdra-uc.a.run.app","serviceAccountEmail":"1056200021885-compute@developer.gserviceaccount.com","availableMemory":"256Mi","allTrafficOnLatestRevision":true,"secretEnvironmentVariables":[{"key":"RESEND_API_KEY","projectId":"e3m-portal-tec","secret":"RESEND_API_KEY","version":"1"}],"revision":"sendcontactemail-00001-yer","maxInstanceRequestConcurrency":80,"availableCpu":"1"},"state":"ACTIVE","labels":{"deployment-tool":"cli-firebase","firebase-functions-hash":"fe68909cf56f5e86694b36b119e320e141a8e9d7"},"environment":"GEN_2","url":"https://us-central1-e3m-portal-tec.cloudfunctions.net/sendContactEmail","satisfiesPzi":true},"stages":[{"name":"BUILD","message":"Build in progress","state":"IN_PROGRESS","resource":"projects/1056200021885/locations/us-central1/builds/1235a33c-e045-4d2f-ade0-ce32ff20cbe6","resourceUri":"https://console.cloud.google.com/cloud-build/builds;region=us-central1/1235a33c-e045-4d2f-ade0-ce32ff20cbe6?project=1056200021885"},{"name":"SERVICE","state":"NOT_STARTED"}],"operationType":"UPDATE_FUNCTION","buildName":"projects/1056200021885/locations/us-central1/builds/1235a33c-e045-4d2f-ade0-ce32ff20cbe6"},"done":false}
[debug] [2026-09-17T21:42:27.791Z] [update-default-us-central1-sendContactEmail] Retrying task index 0
[debug] [2026-09-17T21:42:27.794Z] Checked if tokens are valid: true, expires at: 1789684132499
[debug] [2026-09-17T21:42:27.794Z] Checked if tokens are valid: true, expires at: 1789684132499
[debug] [2026-09-17T21:42:27.795Z] >>> [apiv2][query] GET https://cloudfunctions.googleapis.com/v2/projects/e3m-portal-tec/locations/us-central1/operations/operation-1789681325995-65bb4a7b277d6-5876445b-9643fbb0 [none]
[debug] [2026-09-17T21:42:28.904Z] <<< [apiv2][status] GET https://cloudfunctions.googleapis.com/v2/projects/e3m-portal-tec/locations/us-central1/operations/operation-1789681325995-65bb4a7b277d6-5876445b-9643fbb0 200
[debug] [2026-09-17T21:42:28.904Z] <<< [apiv2][body] GET https://cloudfunctions.googleapis.com/v2/projects/e3m-portal-tec/locations/us-central1/operations/operation-1789681325995-65bb4a7b277d6-5876445b-9643fbb0 {"name":"projects/e3m-portal-tec/locations/us-central1/operations/operation-1789681325995-65bb4a7b277d6-5876445b-9643fbb0","metadata":{"@type":"type.googleapis.com/google.cloud.functions.v2.OperationMetadata","createTime":"2026-09-17T21:42:06.781308970Z","target":"projects/e3m-portal-tec/locations/us-central1/functions/sendContactEmail","verb":"update","cancelRequested":false,"apiVersion":"v2","requestResource":{"@type":"type.googleapis.com/google.cloud.functions.v2.Function","name":"projects/e3m-portal-tec/locations/us-central1/functions/sendContactEmail","buildConfig":{"runtime":"nodejs22","entryPoint":"sendContactEmail","source":{"storageSource":{"bucket":"gcf-v2-sources-1056200021885-us-central1","object":"sendContactEmail/function-source.zip","generation":"1789681326724076"}},"environmentVariables":{"GOOGLE_NODE_RUN_SCRIPTS":""},"dockerRepository":"projects/e3m-portal-tec/locations/us-central1/repositories/gcf-artifacts","sourceProvenance":{"resolvedStorageSource":{"bucket":"gcf-v2-sources-1056200021885-us-central1","object":"sendContactEmail/function-source.zip","generation":"1789680804630209"}},"dockerRegistry":"ARTIFACT_REGISTRY","serviceAccount":"projects/e3m-portal-tec/serviceAccounts/1056200021885-compute@developer.gserviceaccount.com","automaticUpdatePolicy":{}},"serviceConfig":{"service":"projects/e3m-portal-tec/locations/us-central1/services/sendcontactemail","timeoutSeconds":60,"environmentVariables":{"FIREBASE_CONFIG":"{\"projectId\":\"e3m-portal-tec\",\"storageBucket\":\"e3m-portal-tec.firebasestorage.app\"}","GCLOUD_PROJECT":"e3m-portal-tec","EVENTARC_CLOUD_EVENT_SOURCE":"projects/e3m-portal-tec/locations/us-central1/services/sendContactEmail","FUNCTION_TARGET":"sendContactEmail","LOG_EXECUTION_ID":"true"},"ingressSettings":"ALLOW_ALL","uri":"https://sendcontactemail-bffdmmwdra-uc.a.run.app","serviceAccountEmail":"1056200021885-compute@developer.gserviceaccount.com","availableMemory":"256Mi","allTrafficOnLatestRevision":true,"secretEnvironmentVariables":[{"key":"RESEND_API_KEY","projectId":"e3m-portal-tec","secret":"RESEND_API_KEY","version":"1"}],"revision":"sendcontactemail-00001-yer","maxInstanceRequestConcurrency":80,"availableCpu":"1"},"state":"ACTIVE","labels":{"deployment-tool":"cli-firebase","firebase-functions-hash":"fe68909cf56f5e86694b36b119e320e141a8e9d7"},"environment":"GEN_2","url":"https://us-central1-e3m-portal-tec.cloudfunctions.net/sendContactEmail","satisfiesPzi":true},"stages":[{"name":"BUILD","message":"Build in progress","state":"IN_PROGRESS","resource":"projects/1056200021885/locations/us-central1/builds/1235a33c-e045-4d2f-ade0-ce32ff20cbe6","resourceUri":"https://console.cloud.google.com/cloud-build/builds;region=us-central1/1235a33c-e045-4d2f-ade0-ce32ff20cbe6?project=1056200021885"},{"name":"SERVICE","state":"NOT_STARTED"}],"operationType":"UPDATE_FUNCTION","buildName":"projects/1056200021885/locations/us-central1/builds/1235a33c-e045-4d2f-ade0-ce32ff20cbe6"},"done":false}
[debug] [2026-09-17T21:42:38.907Z] [update-default-us-central1-sendContactEmail] Retrying task index 0
[debug] [2026-09-17T21:42:38.909Z] Checked if tokens are valid: true, expires at: 1789684132499
[debug] [2026-09-17T21:42:38.909Z] Checked if tokens are valid: true, expires at: 1789684132499
[debug] [2026-09-17T21:42:38.909Z] >>> [apiv2][query] GET https://cloudfunctions.googleapis.com/v2/projects/e3m-portal-tec/locations/us-central1/operations/operation-1789681325995-65bb4a7b277d6-5876445b-9643fbb0 [none]
[debug] [2026-09-17T21:42:40.115Z] <<< [apiv2][status] GET https://cloudfunctions.googleapis.com/v2/projects/e3m-portal-tec/locations/us-central1/operations/operation-1789681325995-65bb4a7b277d6-5876445b-9643fbb0 200
[debug] [2026-09-17T21:42:40.119Z] <<< [apiv2][body] GET https://cloudfunctions.googleapis.com/v2/projects/e3m-portal-tec/locations/us-central1/operations/operation-1789681325995-65bb4a7b277d6-5876445b-9643fbb0 {"name":"projects/e3m-portal-tec/locations/us-central1/operations/operation-1789681325995-65bb4a7b277d6-5876445b-9643fbb0","metadata":{"@type":"type.googleapis.com/google.cloud.functions.v2.OperationMetadata","createTime":"2026-09-17T21:42:06.781308970Z","target":"projects/e3m-portal-tec/locations/us-central1/functions/sendContactEmail","verb":"update","cancelRequested":false,"apiVersion":"v2","requestResource":{"@type":"type.googleapis.com/google.cloud.functions.v2.Function","name":"projects/e3m-portal-tec/locations/us-central1/functions/sendContactEmail","buildConfig":{"runtime":"nodejs22","entryPoint":"sendContactEmail","source":{"storageSource":{"bucket":"gcf-v2-sources-1056200021885-us-central1","object":"sendContactEmail/function-source.zip","generation":"1789681326724076"}},"environmentVariables":{"GOOGLE_NODE_RUN_SCRIPTS":""},"dockerRepository":"projects/e3m-portal-tec/locations/us-central1/repositories/gcf-artifacts","sourceProvenance":{"resolvedStorageSource":{"bucket":"gcf-v2-sources-1056200021885-us-central1","object":"sendContactEmail/function-source.zip","generation":"1789680804630209"}},"dockerRegistry":"ARTIFACT_REGISTRY","serviceAccount":"projects/e3m-portal-tec/serviceAccounts/1056200021885-compute@developer.gserviceaccount.com","automaticUpdatePolicy":{}},"serviceConfig":{"service":"projects/e3m-portal-tec/locations/us-central1/services/sendcontactemail","timeoutSeconds":60,"environmentVariables":{"FIREBASE_CONFIG":"{\"projectId\":\"e3m-portal-tec\",\"storageBucket\":\"e3m-portal-tec.firebasestorage.app\"}","GCLOUD_PROJECT":"e3m-portal-tec","EVENTARC_CLOUD_EVENT_SOURCE":"projects/e3m-portal-tec/locations/us-central1/services/sendContactEmail","FUNCTION_TARGET":"sendContactEmail","LOG_EXECUTION_ID":"true"},"ingressSettings":"ALLOW_ALL","uri":"https://sendcontactemail-bffdmmwdra-uc.a.run.app","serviceAccountEmail":"1056200021885-compute@developer.gserviceaccount.com","availableMemory":"256Mi","allTrafficOnLatestRevision":true,"secretEnvironmentVariables":[{"key":"RESEND_API_KEY","projectId":"e3m-portal-tec","secret":"RESEND_API_KEY","version":"1"}],"revision":"sendcontactemail-00001-yer","maxInstanceRequestConcurrency":80,"availableCpu":"1"},"state":"ACTIVE","labels":{"deployment-tool":"cli-firebase","firebase-functions-hash":"fe68909cf56f5e86694b36b119e320e141a8e9d7"},"environment":"GEN_2","url":"https://us-central1-e3m-portal-tec.cloudfunctions.net/sendContactEmail","satisfiesPzi":true},"stages":[{"name":"BUILD","message":"Build in progress","state":"IN_PROGRESS","resource":"projects/1056200021885/locations/us-central1/builds/1235a33c-e045-4d2f-ade0-ce32ff20cbe6","resourceUri":"https://console.cloud.google.com/cloud-build/builds;region=us-central1/1235a33c-e045-4d2f-ade0-ce32ff20cbe6?project=1056200021885"},{"name":"SERVICE","state":"NOT_STARTED"}],"operationType":"UPDATE_FUNCTION","buildName":"projects/1056200021885/locations/us-central1/builds/1235a33c-e045-4d2f-ade0-ce32ff20cbe6"},"done":false}
